============================= test session starts =============================
platform win32 -- Python 3.13.6, pytest-9.0.2, pluggy-1.6.0 -- C:\Users\freed\AppData\Local\Programs\Python\Python313\python.exe
cachedir: .pytest_cache
rootdir: C:\Users\freed\Desktop\the-world-of-darkness
configfile: pytest.ini
plugins: anyio-4.10.0, asyncio-1.3.0
asyncio: mode=Mode.AUTO, debug=False, asyncio_default_fixture_loop_scope=None, asyncio_default_test_loop_scope=function
collecting ... collected 0 items / 1 error

=================================== ERRORS ====================================
____________ ERROR collecting modules/werewolf/tests/test_store.py ____________
ImportError while importing test module 'C:\Users\freed\Desktop\the-world-of-darkness\modules\werewolf\tests\test_store.py'.
Hint: make sure your test modules/packages have valid Python names.
Traceback:
..\..\AppData\Local\Programs\Python\Python313\Lib\site-packages\_pytest\python.py:507: in importtestmodule
    mod = import_path(
..\..\AppData\Local\Programs\Python\Python313\Lib\site-packages\_pytest\pathlib.py:587: in import_path
    importlib.import_module(module_name)
..\..\AppData\Local\Programs\Python\Python313\Lib\importlib\__init__.py:88: in import_module
    return _bootstrap._gcd_import(name[level:], package, level)
           ^^^^^^^^^^^^^^^^^^^^^^^^^^^^^^^^^^^^^^^^^^^^^^^^^^^^
<frozen importlib._bootstrap>:1387: in _gcd_import
    ???
<frozen importlib._bootstrap>:1360: in _find_and_load
    ???
<frozen importlib._bootstrap>:1331: in _find_and_load_unlocked
    ???
<frozen importlib._bootstrap>:935: in _load_unlocked
    ???
..\..\AppData\Local\Programs\Python\Python313\Lib\site-packages\_pytest\assertion\rewrite.py:197: in exec_module
    exec(co, module.__dict__)
modules\werewolf\tests\test_store.py:4: in <module>
    from modules.werewolf.tests.fixtures.factories import create_werewolf_data
modules\werewolf\tests\fixtures\factories.py:2: in <module>
    from faker import Faker
E   ModuleNotFoundError: No module named 'faker'
=========================== short test summary info ===========================
ERROR modules/werewolf/tests/test_store.py
!!!!!!!!!!!!!!!!!!! Interrupted: 1 error during collection !!!!!!!!!!!!!!!!!!!!
============================== 1 error in 0.12s ===============================
