============================= test session starts =============================
platform win32 -- Python 3.13.6, pytest-9.0.2, pluggy-1.6.0 -- C:\Users\freed\AppData\Local\Programs\Python\Python313\python.exe
cachedir: .pytest_cache
rootdir: C:\Users\freed\Desktop\the-world-of-darkness
configfile: pytest.ini
plugins: anyio-4.10.0, asyncio-1.3.0
asyncio: mode=Mode.AUTO, debug=False, asyncio_default_fixture_loop_scope=None, asyncio_default_test_loop_scope=function
collecting ... collected 2 items

tests/modules/werewolf/test_create_sheet_atdd.py::TestStory2_4_CharacterCreation::test_create_character_persistence FAILED [ 50%]
tests/modules/werewolf/test_create_sheet_atdd.py::TestStory2_4_CharacterCreation::test_create_character_notification PASSED [100%]

================================== FAILURES ===================================
______ TestStory2_4_CharacterCreation.test_create_character_persistence _______

self = <test_create_sheet_atdd.TestStory2_4_CharacterCreation object at 0x000002DD63658CD0>

    @pytest.mark.asyncio
    async def test_create_character_persistence(self):
        """
        GIVEN valid character data (breed, auspice, tribe, name)
        WHEN the creation service is called
        THEN a new record should be inserted into the database
        AND the returned object should have an ID
        """
        # data = DTO
        character_data = {
            "user_id": 123456789,
            "name": "Fenris",
            "breed": "Homid",
            "auspice": "Ahroun",
            "tribe": "Get of Fenris"
        }
    
        # Expecting module to import
        try:
            from modules.werewolf.services.character_service import create_character
        except ImportError:
            pytest.fail("Module 'modules.werewolf.services.character_service' not found")
    
        # Setup DB
        import aiosqlite
        from modules.werewolf.models.store import create_werewolf_table
    
        async with aiosqlite.connect(":memory:") as db:
            await create_werewolf_table(db)
    
            # Calling service
            result = await create_character(db, character_data)
    
    
        # Verifications
        assert result is not None
>       assert result.user_id == character_data["user_id"]
E       AssertionError: assert '123456789' == 123456789
E        +  where '123456789' = WerewolfData(user_id='123456789', breed=<WerewolfBreed.HOMID: 'Homid'>, auspice=<WerewolfAuspice.AHROUN: 'Ahroun'>, tribe=<WerewolfTribe.GET_OF_FENRIS: 'Get of Fenris'>, name='Fenris', story=None, rank=1, discord_thread_id=None, created_at=datetime.datetime(2026, 1, 22, 22, 54, 0, 653072), updated_at=datetime.datetime(2026, 1, 22, 22, 54, 0, 653072)).user_id

tests\modules\werewolf\test_create_sheet_atdd.py:52: AssertionError
============================== warnings summary ===============================
tests/modules/werewolf/test_create_sheet_atdd.py::TestStory2_4_CharacterCreation::test_create_character_persistence
tests/modules/werewolf/test_create_sheet_atdd.py::TestStory2_4_CharacterCreation::test_create_character_persistence
  C:\Users\freed\AppData\Local\Programs\Python\Python313\Lib\site-packages\aiosqlite\core.py:63: DeprecationWarning: The default datetime adapter is deprecated as of Python 3.12; see the sqlite3 documentation for suggested replacement recipes
    result = function()

-- Docs: https://docs.pytest.org/en/stable/how-to/capture-warnings.html
=========================== short test summary info ===========================
FAILED tests/modules/werewolf/test_create_sheet_atdd.py::TestStory2_4_CharacterCreation::test_create_character_persistence - AssertionError: assert '123456789' == 123456789
 +  where '123456789' = WerewolfData(user_id='123456789', breed=<WerewolfBreed.HOMID: 'Homid'>, auspice=<WerewolfAuspice.AHROUN: 'Ahroun'>, tribe=<WerewolfTribe.GET_OF_FENRIS: 'Get of Fenris'>, name='Fenris', story=None, rank=1, discord_thread_id=None, created_at=datetime.datetime(2026, 1, 22, 22, 54, 0, 653072), updated_at=datetime.datetime(2026, 1, 22, 22, 54, 0, 653072)).user_id
=================== 1 failed, 1 passed, 2 warnings in 0.06s ===================
